============================= test session starts ==============================
platform darwin -- Python 3.11.14, pytest-9.0.2, pluggy-1.6.0 -- /Users/w.worawan/Downloads/ai-operation-microservice3_v2ori/venv/bin/python
cachedir: .pytest_cache
rootdir: /Users/w.worawan/Downloads/ai-operation-microservice3_v2ori
configfile: pytest.ini
plugins: anyio-4.12.1, repeat-0.9.4, xdist-3.8.0, timeout-2.4.0, langsmith-0.7.6, asyncio-1.3.0, deepeval-3.8.9, rerunfailures-16.1
timeout: 300.0s
timeout method: signal
timeout func_only: False
asyncio: mode=Mode.STRICT, debug=False, asyncio_default_fixture_loop_scope=None, asyncio_default_test_loop_scope=function
collecting ... collected 8 items

code/tests_enterprise/test_90_metadata_analysis.py::TestMetadataStructure::test_metadata_fields_exist 
📊 Found 20 unique metadata fields:
   - answer_guideline: 100.0% coverage (228/228)
   - chunk_type: 78.9% coverage (180/228)
   - chunk_weight: 78.9% coverage (180/228)
   - department: 100.0% coverage (228/228)
   - entity_type_normalized: 100.0% coverage (228/228)
   - fees: 100.0% coverage (228/228)
   - identification_documents: 100.0% coverage (228/228)
   - legal_regulatory: 100.0% coverage (228/228)
   - license_type: 100.0% coverage (228/228)
   - operation_by_department: 100.0% coverage (228/228)
   - operation_duration: 100.0% coverage (228/228)
   - operation_steps: 100.0% coverage (228/228)
   - operation_topic: 100.0% coverage (228/228)
   - registration_type: 100.0% coverage (228/228)
   - research_reference: 100.0% coverage (228/228)
   - restaurant_ai_document: 100.0% coverage (228/228)
   - row_id: 100.0% coverage (228/228)
   - service_channel: 100.0% coverage (228/228)
   - source: 100.0% coverage (228/228)
   - terms_and_conditions: 100.0% coverage (228/228)
PASSED
code/tests_enterprise/test_90_metadata_analysis.py::TestMetadataStructure::test_topic_fields_coverage 
📋 Topic field coverage:
   operation_topic: 80.3%
   แนวคำตอบ: 0.0%
   หัวข้อการดำเนินการย่อย: 0.0%
   topic: 0.0%
   section: 0.0%
   doc_type: 0.0%
PASSED
code/tests_enterprise/test_90_metadata_analysis.py::TestMetadataStructure::test_entity_type_normalization 
🏢 Entity types found: {'', 'บุคคลธรรมดา', 'นิติบุคคล'}
PASSED
code/tests_enterprise/test_90_metadata_analysis.py::TestMenuQuality::test_extract_menu_worthy_topics 
✨ Menu-worthy topics found: 79

Top 10 topics:
   1. กรณี สำนักงานย้าย... (from: operation_topic)
   2. กรณี สำนักงานใหญ่ /สำนักงานสาขาย้าย... (from: operation_topic)
   3. กรณีที่ต้องการออกจากหุ้นส่วนผู้จัดการ... (from: operation_topic)
   4. กรณีที่ต้องการแก้ไขข้อมูลหุ้นส่วน... (from: operation_topic)
   5. กรณีที่ต้องการแก้ไขหุ้น... (from: operation_topic)
   6. กรณีนำหุ้นออกขายทอดตลาดแล้วได้เงินเกินกว่ามูลค่าหุ้นที่จองซื... (from: operation_topic)
   7. กรณีมีหุ้นส่วนผู้จัดกําร 1 คน... (from: operation_topic)
   8. กรณีมีหุ้นส่วนผู้จัดกํารมํากกว่า 1 คน และเลือกระบุชื่อหุ้นส่... (from: operation_topic)
   9. กรณีเลือกรูปแบบกำหนดเอง... (from: operation_topic)
   10. การ Refund... (from: operation_topic)
PASSED
code/tests_enterprise/test_90_metadata_analysis.py::TestMenuQuality::test_slot_data_availability 
🎯 Slot-related data found:
   location: 114 docs (50.0%)
   entity_type: 149 docs (65.4%)
   business_type: 92 docs (40.4%)
PASSED
code/tests_enterprise/test_90_metadata_analysis.py::TestContentQuality::test_document_content_length 
📄 Document statistics:
   Total documents: 228
   Average length: 554 chars
   Min length: 153 chars
   Max length: 3182 chars
PASSED
code/tests_enterprise/test_90_metadata_analysis.py::TestContentQuality::test_thai_content_ratio 
🇹🇭 Thai content ratio: 100.0%
PASSED
code/tests_enterprise/test_90_metadata_analysis.py::TestContentQuality::test_regulatory_keywords 
🔍 Regulatory keyword frequency:
   จดทะเบียน: 226 occurrences
   เอกสาร: 222 occurrences
   ภาษี: 148 occurrences
   ใบอนุญาต: 134 occurrences
   หน่วยงาน: 70 occurrences
   ค่าธรรมเนียม: 28 occurrences
   ขั้นตอน: 21 occurrences
PASSEDRunning teardown with pytest sessionfinish...


======================== 8 passed, 2 warnings in 0.96s =========================
